/home/os-fall-2023/code/test
hehe
/home/os-fall-2023/code/test/Tests
hello bro
testing 1 2 3
hello world hehe
