config.json
config.json.log
16
      3 advanced
      3 easy
      3 medium
This should be printed
Tests
config.json
config.json.log
find.log
names.txt
test.py
doit
works
done
This should be printed
O
p
e
r
a
t
i
o
n
s
