Dockerfile.log
Tests
config.json
config.json.log
find.log
ls.log
names.txt
test.py
hello world
hello world
hello world 2
