config.json
config.json.log
find.log
names.txt
test.py

Tests:
aliases.test
aliases.test.custom
builtins.test
chaining.test
ioredir.test
pipeline.test
quotes.test
simple.test
test_output
wild_chaining.test
wildcards.test
../src/main.c
