13
Search successful, logged to grep.log
Print
One letter ext
o
h
c
