13
o
h
c
Search successful, logged to grep.log
Print
One letter ext
